src/components/__tests__/BalanceCard.test.tsx(4,24): error TS2307: Cannot find module '@testing-library/react-native' or its corresponding type declarations.
src/components/__tests__/BalanceCard.test.tsx(25,1): error TS2593: Cannot find name 'describe'. Do you need to install type definitions for a test runner? Try `npm i --save-dev @types/jest` or `npm i --save-dev @types/mocha` and then add 'jest' or 'mocha' to the types field in your tsconfig.
src/components/__tests__/BalanceCard.test.tsx(26,5): error TS2593: Cannot find name 'it'. Do you need to install type definitions for a test runner? Try `npm i --save-dev @types/jest` or `npm i --save-dev @types/mocha` and then add 'jest' or 'mocha' to the types field in your tsconfig.
src/components/__tests__/BalanceCard.test.tsx(31,9): error TS2304: Cannot find name 'expect'.
src/components/__tests__/BalanceCard.test.tsx(34,5): error TS2593: Cannot find name 'it'. Do you need to install type definitions for a test runner? Try `npm i --save-dev @types/jest` or `npm i --save-dev @types/mocha` and then add 'jest' or 'mocha' to the types field in your tsconfig.
src/components/__tests__/BalanceCard.test.tsx(39,9): error TS2304: Cannot find name 'expect'.
src/components/__tests__/BalanceCard.test.tsx(42,5): error TS2593: Cannot find name 'it'. Do you need to install type definitions for a test runner? Try `npm i --save-dev @types/jest` or `npm i --save-dev @types/mocha` and then add 'jest' or 'mocha' to the types field in your tsconfig.
src/components/__tests__/BalanceCard.test.tsx(47,9): error TS2304: Cannot find name 'expect'.
src/components/__tests__/BalanceCard.test.tsx(50,5): error TS2593: Cannot find name 'it'. Do you need to install type definitions for a test runner? Try `npm i --save-dev @types/jest` or `npm i --save-dev @types/mocha` and then add 'jest' or 'mocha' to the types field in your tsconfig.
src/components/__tests__/BalanceCard.test.tsx(55,9): error TS2304: Cannot find name 'expect'.
src/components/__tests__/BalanceCard.test.tsx(58,5): error TS2593: Cannot find name 'it'. Do you need to install type definitions for a test runner? Try `npm i --save-dev @types/jest` or `npm i --save-dev @types/mocha` and then add 'jest' or 'mocha' to the types field in your tsconfig.
src/components/__tests__/BalanceCard.test.tsx(63,9): error TS2304: Cannot find name 'expect'.
src/components/__tests__/Button.test.tsx(4,35): error TS2307: Cannot find module '@testing-library/react-native' or its corresponding type declarations.
src/components/__tests__/Button.test.tsx(25,1): error TS2593: Cannot find name 'describe'. Do you need to install type definitions for a test runner? Try `npm i --save-dev @types/jest` or `npm i --save-dev @types/mocha` and then add 'jest' or 'mocha' to the types field in your tsconfig.
src/components/__tests__/Button.test.tsx(26,5): error TS2593: Cannot find name 'it'. Do you need to install type definitions for a test runner? Try `npm i --save-dev @types/jest` or `npm i --save-dev @types/mocha` and then add 'jest' or 'mocha' to the types field in your tsconfig.
src/components/__tests__/Button.test.tsx(31,9): error TS2304: Cannot find name 'expect'.
src/components/__tests__/Button.test.tsx(34,5): error TS2593: Cannot find name 'it'. Do you need to install type definitions for a test runner? Try `npm i --save-dev @types/jest` or `npm i --save-dev @types/mocha` and then add 'jest' or 'mocha' to the types field in your tsconfig.
src/components/__tests__/Button.test.tsx(35,29): error TS2708: Cannot use namespace 'jest' as a value.
src/components/__tests__/Button.test.tsx(42,9): error TS2304: Cannot find name 'expect'.
src/components/__tests__/Button.test.tsx(45,5): error TS2593: Cannot find name 'it'. Do you need to install type definitions for a test runner? Try `npm i --save-dev @types/jest` or `npm i --save-dev @types/mocha` and then add 'jest' or 'mocha' to the types field in your tsconfig.
src/components/__tests__/Button.test.tsx(46,29): error TS2708: Cannot use namespace 'jest' as a value.
src/components/__tests__/Button.test.tsx(53,9): error TS2304: Cannot find name 'expect'.
src/components/__tests__/Button.test.tsx(56,5): error TS2593: Cannot find name 'it'. Do you need to install type definitions for a test runner? Try `npm i --save-dev @types/jest` or `npm i --save-dev @types/mocha` and then add 'jest' or 'mocha' to the types field in your tsconfig.
src/components/__tests__/Button.test.tsx(62,9): error TS2304: Cannot find name 'expect'.
src/components/__tests__/Button.test.tsx(65,5): error TS2593: Cannot find name 'it'. Do you need to install type definitions for a test runner? Try `npm i --save-dev @types/jest` or `npm i --save-dev @types/mocha` and then add 'jest' or 'mocha' to the types field in your tsconfig.
src/components/__tests__/Button.test.tsx(69,9): error TS2304: Cannot find name 'expect'.
src/components/__tests__/Button.test.tsx(78,9): error TS2304: Cannot find name 'expect'.
src/components/__tests__/Button.test.tsx(87,9): error TS2304: Cannot find name 'expect'.
src/components/common/Button/Button.tsx(20,10): error TS2305: Module '"../../../store/slices/settingsSlice"' has no exported member 'selectHapticsEnabled'.
src/screens/FunZone/QuizScreen.tsx(21,10): error TS2305: Module '"../../store/slices/settingsSlice"' has no exported member 'selectHapticsEnabled'.
src/screens/FunZone/QuizScreen.tsx(267,37): error TS2322: Type '({ justifyContent: "flex-start"; paddingVertical: number; paddingHorizontal: number; borderWidth: number; } | { backgroundColor: string; borderColor: string; opacity?: undefined; } | { backgroundColor: string; borderColor: string; opacity: number; })[]' is not assignable to type 'ViewStyle'.
  Types of property 'filter' are incompatible.
    Type '{ <S extends { justifyContent: "flex-start"; paddingVertical: number; paddingHorizontal: number; borderWidth: number; } | { backgroundColor: string; borderColor: string; opacity?: undefined; } | { ...; }>(predicate: (value: { ...; } | ... 1 more ... | { ...; }, index: number, array: ({ ...; } | ... 1 more ... | { .....' is not assignable to type 'string | readonly FilterFunction[] | undefined'.
src/screens/FunZone/QuizScreen.tsx(268,37): error TS2322: Type '(false | { fontSize: number; textAlign: "left"; } | { color: string; })[]' is not assignable to type 'TextStyle'.
  Types of property 'filter' are incompatible.
    Type '{ <S extends false | { fontSize: number; textAlign: "left"; } | { color: string; }>(predicate: (value: false | { fontSize: number; textAlign: "left"; } | { color: string; }, index: number, array: (false | { fontSize: number; textAlign: "left"; } | { ...; })[]) => value is S, thisArg?: any): S[]; (predicate: (value: ...' is not assignable to type 'string | readonly FilterFunction[] | undefined'.
src/screens/FunZone/ScratchCardScreen.tsx(23,10): error TS2305: Module '"../../store/slices/settingsSlice"' has no exported member 'selectHapticsEnabled'.
src/screens/FunZone/ScratchCardScreen.tsx(256,21): error TS2322: Type 'boolean | null' is not assignable to type 'boolean | undefined'.
  Type 'null' is not assignable to type 'boolean | undefined'.
src/screens/FunZone/SpinWheelScreen.tsx(23,30): error TS2305: Module '"../../store/slices/settingsSlice"' has no exported member 'selectHapticsEnabled'.
src/screens/Modals/DisclaimerModal.tsx(46,23): error TS2322: Type '({ padding: number; marginBottom: number; borderLeftWidth: number; } | { borderLeftColor: string; })[]' is not assignable to type 'ViewStyle'.
  Types of property 'filter' are incompatible.
    Type '{ <S extends { padding: number; marginBottom: number; borderLeftWidth: number; } | { borderLeftColor: string; }>(predicate: (value: { padding: number; marginBottom: number; borderLeftWidth: number; } | { borderLeftColor: string; }, index: number, array: ({ ...; } | { ...; })[]) => value is S, thisArg?: any): S[]; (p...' is not assignable to type 'string | readonly FilterFunction[] | undefined'.
src/screens/Modals/DisclaimerModal.tsx(55,23): error TS2322: Type '({ padding: number; marginBottom: number; borderLeftWidth: number; } | { borderLeftColor: string; })[]' is not assignable to type 'ViewStyle'.
  Types of property 'filter' are incompatible.
    Type '{ <S extends { padding: number; marginBottom: number; borderLeftWidth: number; } | { borderLeftColor: string; }>(predicate: (value: { padding: number; marginBottom: number; borderLeftWidth: number; } | { borderLeftColor: string; }, index: number, array: ({ ...; } | { ...; })[]) => value is S, thisArg?: any): S[]; (p...' is not assignable to type 'string | readonly FilterFunction[] | undefined'.
src/screens/Modals/DisclaimerModal.tsx(64,23): error TS2322: Type '({ padding: number; marginBottom: number; borderLeftWidth: number; } | { borderLeftColor: string; })[]' is not assignable to type 'ViewStyle'.
  Types of property 'filter' are incompatible.
    Type '{ <S extends { padding: number; marginBottom: number; borderLeftWidth: number; } | { borderLeftColor: string; }>(predicate: (value: { padding: number; marginBottom: number; borderLeftWidth: number; } | { borderLeftColor: string; }, index: number, array: ({ ...; } | { ...; })[]) => value is S, thisArg?: any): S[]; (p...' is not assignable to type 'string | readonly FilterFunction[] | undefined'.
src/screens/Profile/DisclaimerScreen.tsx(30,19): error TS2322: Type '({ padding: number; marginBottom: number; borderLeftWidth: number; } | { borderLeftColor: string; })[]' is not assignable to type 'ViewStyle'.
  Types of property 'filter' are incompatible.
    Type '{ <S extends { padding: number; marginBottom: number; borderLeftWidth: number; } | { borderLeftColor: string; }>(predicate: (value: { padding: number; marginBottom: number; borderLeftWidth: number; } | { borderLeftColor: string; }, index: number, array: ({ ...; } | { ...; })[]) => value is S, thisArg?: any): S[]; (p...' is not assignable to type 'string | readonly FilterFunction[] | undefined'.
src/screens/Profile/SettingsScreen.tsx(10,5): error TS2305: Module '"../../store/slices/settingsSlice"' has no exported member 'selectHapticsEnabled'.
src/screens/Profile/SettingsScreen.tsx(256,29): error TS2769: No overload matches this call.
  Overload 1 of 2, '(props: SwitchProps): Switch', gave the following error.
    Type 'unknown' is not assignable to type 'boolean | undefined'.
  Overload 2 of 2, '(props: SwitchProps, context: any): Switch', gave the following error.
    Type 'unknown' is not assignable to type 'boolean | undefined'.
src/store/__tests__/coinSlice.test.ts(6,1): error TS2593: Cannot find name 'describe'. Do you need to install type definitions for a test runner? Try `npm i --save-dev @types/jest` or `npm i --save-dev @types/mocha` and then add 'jest' or 'mocha' to the types field in your tsconfig.
src/store/__tests__/coinSlice.test.ts(9,5): error TS2304: Cannot find name 'beforeEach'.
src/store/__tests__/coinSlice.test.ts(15,5): error TS2593: Cannot find name 'describe'. Do you need to install type definitions for a test runner? Try `npm i --save-dev @types/jest` or `npm i --save-dev @types/mocha` and then add 'jest' or 'mocha' to the types field in your tsconfig.
src/store/__tests__/coinSlice.test.ts(16,9): error TS2593: Cannot find name 'it'. Do you need to install type definitions for a test runner? Try `npm i --save-dev @types/jest` or `npm i --save-dev @types/mocha` and then add 'jest' or 'mocha' to the types field in your tsconfig.
src/store/__tests__/coinSlice.test.ts(18,13): error TS2304: Cannot find name 'expect'.
src/store/__tests__/coinSlice.test.ts(18,20): error TS2571: Object is of type 'unknown'.
src/store/__tests__/coinSlice.test.ts(21,9): error TS2593: Cannot find name 'it'. Do you need to install type definitions for a test runner? Try `npm i --save-dev @types/jest` or `npm i --save-dev @types/mocha` and then add 'jest' or 'mocha' to the types field in your tsconfig.
src/store/__tests__/coinSlice.test.ts(23,13): error TS2304: Cannot find name 'expect'.
src/store/__tests__/coinSlice.test.ts(23,20): error TS2571: Object is of type 'unknown'.
src/store/__tests__/coinSlice.test.ts(26,9): error TS2593: Cannot find name 'it'. Do you need to install type definitions for a test runner? Try `npm i --save-dev @types/jest` or `npm i --save-dev @types/mocha` and then add 'jest' or 'mocha' to the types field in your tsconfig.
src/store/__tests__/coinSlice.test.ts(29,13): error TS2304: Cannot find name 'expect'.
src/store/__tests__/coinSlice.test.ts(29,20): error TS2571: Object is of type 'unknown'.
src/store/__tests__/coinSlice.test.ts(32,9): error TS2593: Cannot find name 'it'. Do you need to install type definitions for a test runner? Try `npm i --save-dev @types/jest` or `npm i --save-dev @types/mocha` and then add 'jest' or 'mocha' to the types field in your tsconfig.
src/store/__tests__/coinSlice.test.ts(34,13): error TS2304: Cannot find name 'expect'.
src/store/__tests__/coinSlice.test.ts(34,20): error TS2571: Object is of type 'unknown'.
src/store/__tests__/coinSlice.test.ts(38,5): error TS2593: Cannot find name 'describe'. Do you need to install type definitions for a test runner? Try `npm i --save-dev @types/jest` or `npm i --save-dev @types/mocha` and then add 'jest' or 'mocha' to the types field in your tsconfig.
src/store/__tests__/coinSlice.test.ts(39,9): error TS2593: Cannot find name 'it'. Do you need to install type definitions for a test runner? Try `npm i --save-dev @types/jest` or `npm i --save-dev @types/mocha` and then add 'jest' or 'mocha' to the types field in your tsconfig.
src/store/__tests__/coinSlice.test.ts(42,13): error TS2304: Cannot find name 'expect'.
src/store/__tests__/coinSlice.test.ts(42,20): error TS2571: Object is of type 'unknown'.
src/store/__tests__/coinSlice.test.ts(45,9): error TS2593: Cannot find name 'it'. Do you need to install type definitions for a test runner? Try `npm i --save-dev @types/jest` or `npm i --save-dev @types/mocha` and then add 'jest' or 'mocha' to the types field in your tsconfig.
src/store/__tests__/coinSlice.test.ts(48,13): error TS2304: Cannot find name 'expect'.
src/store/__tests__/coinSlice.test.ts(48,20): error TS2571: Object is of type 'unknown'.
src/store/__tests__/coinSlice.test.ts(51,9): error TS2593: Cannot find name 'it'. Do you need to install type definitions for a test runner? Try `npm i --save-dev @types/jest` or `npm i --save-dev @types/mocha` and then add 'jest' or 'mocha' to the types field in your tsconfig.
src/store/__tests__/coinSlice.test.ts(54,13): error TS2304: Cannot find name 'expect'.
src/store/__tests__/coinSlice.test.ts(54,20): error TS2571: Object is of type 'unknown'.
src/store/__tests__/coinSlice.test.ts(58,5): error TS2593: Cannot find name 'describe'. Do you need to install type definitions for a test runner? Try `npm i --save-dev @types/jest` or `npm i --save-dev @types/mocha` and then add 'jest' or 'mocha' to the types field in your tsconfig.
src/store/__tests__/coinSlice.test.ts(59,9): error TS2593: Cannot find name 'it'. Do you need to install type definitions for a test runner? Try `npm i --save-dev @types/jest` or `npm i --save-dev @types/mocha` and then add 'jest' or 'mocha' to the types field in your tsconfig.
src/store/__tests__/coinSlice.test.ts(61,13): error TS2304: Cannot find name 'expect'.
src/store/__tests__/coinSlice.test.ts(61,20): error TS2571: Object is of type 'unknown'.
src/store/__tests__/coinSlice.test.ts(64,9): error TS2593: Cannot find name 'it'. Do you need to install type definitions for a test runner? Try `npm i --save-dev @types/jest` or `npm i --save-dev @types/mocha` and then add 'jest' or 'mocha' to the types field in your tsconfig.
src/store/__tests__/coinSlice.test.ts(66,13): error TS2304: Cannot find name 'expect'.
src/store/__tests__/coinSlice.test.ts(66,20): error TS2571: Object is of type 'unknown'.
src/store/__tests__/coinSlice.test.ts(69,9): error TS2593: Cannot find name 'it'. Do you need to install type definitions for a test runner? Try `npm i --save-dev @types/jest` or `npm i --save-dev @types/mocha` and then add 'jest' or 'mocha' to the types field in your tsconfig.
src/store/__tests__/coinSlice.test.ts(71,13): error TS2304: Cannot find name 'expect'.
src/store/__tests__/coinSlice.test.ts(71,20): error TS2571: Object is of type 'unknown'.
src/store/__tests__/coinSlice.test.ts(75,5): error TS2593: Cannot find name 'describe'. Do you need to install type definitions for a test runner? Try `npm i --save-dev @types/jest` or `npm i --save-dev @types/mocha` and then add 'jest' or 'mocha' to the types field in your tsconfig.
src/store/__tests__/coinSlice.test.ts(76,9): error TS2593: Cannot find name 'it'. Do you need to install type definitions for a test runner? Try `npm i --save-dev @types/jest` or `npm i --save-dev @types/mocha` and then add 'jest' or 'mocha' to the types field in your tsconfig.
src/store/__tests__/coinSlice.test.ts(79,13): error TS2304: Cannot find name 'expect'.
src/store/__tests__/coinSlice.test.ts(79,20): error TS2571: Object is of type 'unknown'.
src/store/__tests__/coinSlice.test.ts(82,9): error TS2593: Cannot find name 'it'. Do you need to install type definitions for a test runner? Try `npm i --save-dev @types/jest` or `npm i --save-dev @types/mocha` and then add 'jest' or 'mocha' to the types field in your tsconfig.
src/store/__tests__/coinSlice.test.ts(85,13): error TS2304: Cannot find name 'expect'.
src/store/__tests__/coinSlice.test.ts(85,20): error TS2571: Object is of type 'unknown'.
src/store/__tests__/transactionSlice.test.ts(11,1): error TS2593: Cannot find name 'describe'. Do you need to install type definitions for a test runner? Try `npm i --save-dev @types/jest` or `npm i --save-dev @types/mocha` and then add 'jest' or 'mocha' to the types field in your tsconfig.
src/store/__tests__/transactionSlice.test.ts(14,5): error TS2304: Cannot find name 'beforeEach'.
src/store/__tests__/transactionSlice.test.ts(20,5): error TS2593: Cannot find name 'describe'. Do you need to install type definitions for a test runner? Try `npm i --save-dev @types/jest` or `npm i --save-dev @types/mocha` and then add 'jest' or 'mocha' to the types field in your tsconfig.
src/store/__tests__/transactionSlice.test.ts(21,9): error TS2593: Cannot find name 'it'. Do you need to install type definitions for a test runner? Try `npm i --save-dev @types/jest` or `npm i --save-dev @types/mocha` and then add 'jest' or 'mocha' to the types field in your tsconfig.
src/store/__tests__/transactionSlice.test.ts(31,34): error TS2571: Object is of type 'unknown'.
src/store/__tests__/transactionSlice.test.ts(32,13): error TS2304: Cannot find name 'expect'.
src/store/__tests__/transactionSlice.test.ts(33,13): error TS2304: Cannot find name 'expect'.
src/store/__tests__/transactionSlice.test.ts(34,13): error TS2304: Cannot find name 'expect'.
src/store/__tests__/transactionSlice.test.ts(37,9): error TS2593: Cannot find name 'it'. Do you need to install type definitions for a test runner? Try `npm i --save-dev @types/jest` or `npm i --save-dev @types/mocha` and then add 'jest' or 'mocha' to the types field in your tsconfig.
src/store/__tests__/transactionSlice.test.ts(47,33): error TS2571: Object is of type 'unknown'.
src/store/__tests__/transactionSlice.test.ts(48,13): error TS2304: Cannot find name 'expect'.
src/store/__tests__/transactionSlice.test.ts(49,13): error TS2304: Cannot find name 'expect'.
src/store/__tests__/transactionSlice.test.ts(52,9): error TS2593: Cannot find name 'it'. Do you need to install type definitions for a test runner? Try `npm i --save-dev @types/jest` or `npm i --save-dev @types/mocha` and then add 'jest' or 'mocha' to the types field in your tsconfig.
src/store/__tests__/transactionSlice.test.ts(70,34): error TS2571: Object is of type 'unknown'.
src/store/__tests__/transactionSlice.test.ts(71,13): error TS2304: Cannot find name 'expect'.
src/store/__tests__/transactionSlice.test.ts(72,13): error TS2304: Cannot find name 'expect'.
src/store/__tests__/transactionSlice.test.ts(75,9): error TS2593: Cannot find name 'it'. Do you need to install type definitions for a test runner? Try `npm i --save-dev @types/jest` or `npm i --save-dev @types/mocha` and then add 'jest' or 'mocha' to the types field in your tsconfig.
src/store/__tests__/transactionSlice.test.ts(87,13): error TS2304: Cannot find name 'expect'.
src/store/__tests__/transactionSlice.test.ts(87,20): error TS2571: Object is of type 'unknown'.
src/store/__tests__/transactionSlice.test.ts(91,5): error TS2593: Cannot find name 'describe'. Do you need to install type definitions for a test runner? Try `npm i --save-dev @types/jest` or `npm i --save-dev @types/mocha` and then add 'jest' or 'mocha' to the types field in your tsconfig.
src/store/__tests__/transactionSlice.test.ts(92,9): error TS2593: Cannot find name 'it'. Do you need to install type definitions for a test runner? Try `npm i --save-dev @types/jest` or `npm i --save-dev @types/mocha` and then add 'jest' or 'mocha' to the types field in your tsconfig.
src/store/__tests__/transactionSlice.test.ts(102,24): error TS2571: Object is of type 'unknown'.
src/store/__tests__/transactionSlice.test.ts(105,13): error TS2304: Cannot find name 'expect'.
src/store/__tests__/transactionSlice.test.ts(105,20): error TS2571: Object is of type 'unknown'.
src/store/__tests__/transactionSlice.test.ts(109,5): error TS2593: Cannot find name 'describe'. Do you need to install type definitions for a test runner? Try `npm i --save-dev @types/jest` or `npm i --save-dev @types/mocha` and then add 'jest' or 'mocha' to the types field in your tsconfig.
src/store/__tests__/transactionSlice.test.ts(110,9): error TS2593: Cannot find name 'it'. Do you need to install type definitions for a test runner? Try `npm i --save-dev @types/jest` or `npm i --save-dev @types/mocha` and then add 'jest' or 'mocha' to the types field in your tsconfig.
src/store/__tests__/transactionSlice.test.ts(130,13): error TS2304: Cannot find name 'expect'.
src/store/__tests__/transactionSlice.test.ts(130,20): error TS2571: Object is of type 'unknown'.
src/store/slices/funZoneSlice.ts(165,49): error TS7030: Not all code paths return a value.
src/store/slices/settingsSlice.ts(91,46): error TS7030: Not all code paths return a value.
src/store/slices/userSlice.ts(70,46): error TS7030: Not all code paths return a value.
src/utils/__tests__/formatters.test.ts(12,1): error TS2593: Cannot find name 'describe'. Do you need to install type definitions for a test runner? Try `npm i --save-dev @types/jest` or `npm i --save-dev @types/mocha` and then add 'jest' or 'mocha' to the types field in your tsconfig.
src/utils/__tests__/formatters.test.ts(13,5): error TS2593: Cannot find name 'describe'. Do you need to install type definitions for a test runner? Try `npm i --save-dev @types/jest` or `npm i --save-dev @types/mocha` and then add 'jest' or 'mocha' to the types field in your tsconfig.
src/utils/__tests__/formatters.test.ts(14,9): error TS2593: Cannot find name 'it'. Do you need to install type definitions for a test runner? Try `npm i --save-dev @types/jest` or `npm i --save-dev @types/mocha` and then add 'jest' or 'mocha' to the types field in your tsconfig.
src/utils/__tests__/formatters.test.ts(15,13): error TS2304: Cannot find name 'expect'.
src/utils/__tests__/formatters.test.ts(16,13): error TS2304: Cannot find name 'expect'.
src/utils/__tests__/formatters.test.ts(17,13): error TS2304: Cannot find name 'expect'.
src/utils/__tests__/formatters.test.ts(20,9): error TS2593: Cannot find name 'it'. Do you need to install type definitions for a test runner? Try `npm i --save-dev @types/jest` or `npm i --save-dev @types/mocha` and then add 'jest' or 'mocha' to the types field in your tsconfig.
src/utils/__tests__/formatters.test.ts(21,13): error TS2304: Cannot find name 'expect'.
src/utils/__tests__/formatters.test.ts(22,13): error TS2304: Cannot find name 'expect'.
src/utils/__tests__/formatters.test.ts(25,9): error TS2593: Cannot find name 'it'. Do you need to install type definitions for a test runner? Try `npm i --save-dev @types/jest` or `npm i --save-dev @types/mocha` and then add 'jest' or 'mocha' to the types field in your tsconfig.
src/utils/__tests__/formatters.test.ts(26,13): error TS2304: Cannot find name 'expect'.
src/utils/__tests__/formatters.test.ts(29,9): error TS2593: Cannot find name 'it'. Do you need to install type definitions for a test runner? Try `npm i --save-dev @types/jest` or `npm i --save-dev @types/mocha` and then add 'jest' or 'mocha' to the types field in your tsconfig.
src/utils/__tests__/formatters.test.ts(30,13): error TS2304: Cannot find name 'expect'.
src/utils/__tests__/formatters.test.ts(34,5): error TS2593: Cannot find name 'describe'. Do you need to install type definitions for a test runner? Try `npm i --save-dev @types/jest` or `npm i --save-dev @types/mocha` and then add 'jest' or 'mocha' to the types field in your tsconfig.
src/utils/__tests__/formatters.test.ts(35,9): error TS2593: Cannot find name 'it'. Do you need to install type definitions for a test runner? Try `npm i --save-dev @types/jest` or `npm i --save-dev @types/mocha` and then add 'jest' or 'mocha' to the types field in your tsconfig.
src/utils/__tests__/formatters.test.ts(36,13): error TS2304: Cannot find name 'expect'.
src/utils/__tests__/formatters.test.ts(39,9): error TS2593: Cannot find name 'it'. Do you need to install type definitions for a test runner? Try `npm i --save-dev @types/jest` or `npm i --save-dev @types/mocha` and then add 'jest' or 'mocha' to the types field in your tsconfig.
src/utils/__tests__/formatters.test.ts(40,13): error TS2304: Cannot find name 'expect'.
src/utils/__tests__/formatters.test.ts(41,13): error TS2304: Cannot find name 'expect'.
src/utils/__tests__/formatters.test.ts(44,9): error TS2593: Cannot find name 'it'. Do you need to install type definitions for a test runner? Try `npm i --save-dev @types/jest` or `npm i --save-dev @types/mocha` and then add 'jest' or 'mocha' to the types field in your tsconfig.
src/utils/__tests__/formatters.test.ts(45,13): error TS2304: Cannot find name 'expect'.
src/utils/__tests__/formatters.test.ts(46,13): error TS2304: Cannot find name 'expect'.
src/utils/__tests__/formatters.test.ts(50,5): error TS2593: Cannot find name 'describe'. Do you need to install type definitions for a test runner? Try `npm i --save-dev @types/jest` or `npm i --save-dev @types/mocha` and then add 'jest' or 'mocha' to the types field in your tsconfig.
src/utils/__tests__/formatters.test.ts(51,9): error TS2593: Cannot find name 'it'. Do you need to install type definitions for a test runner? Try `npm i --save-dev @types/jest` or `npm i --save-dev @types/mocha` and then add 'jest' or 'mocha' to the types field in your tsconfig.
src/utils/__tests__/formatters.test.ts(52,13): error TS2304: Cannot find name 'expect'.
src/utils/__tests__/formatters.test.ts(53,13): error TS2304: Cannot find name 'expect'.
src/utils/__tests__/formatters.test.ts(56,9): error TS2593: Cannot find name 'it'. Do you need to install type definitions for a test runner? Try `npm i --save-dev @types/jest` or `npm i --save-dev @types/mocha` and then add 'jest' or 'mocha' to the types field in your tsconfig.
src/utils/__tests__/formatters.test.ts(57,13): error TS2304: Cannot find name 'expect'.
src/utils/__tests__/formatters.test.ts(61,5): error TS2593: Cannot find name 'describe'. Do you need to install type definitions for a test runner? Try `npm i --save-dev @types/jest` or `npm i --save-dev @types/mocha` and then add 'jest' or 'mocha' to the types field in your tsconfig.
src/utils/__tests__/formatters.test.ts(62,9): error TS2593: Cannot find name 'it'. Do you need to install type definitions for a test runner? Try `npm i --save-dev @types/jest` or `npm i --save-dev @types/mocha` and then add 'jest' or 'mocha' to the types field in your tsconfig.
src/utils/__tests__/formatters.test.ts(63,13): error TS2304: Cannot find name 'expect'.
src/utils/__tests__/formatters.test.ts(66,9): error TS2593: Cannot find name 'it'. Do you need to install type definitions for a test runner? Try `npm i --save-dev @types/jest` or `npm i --save-dev @types/mocha` and then add 'jest' or 'mocha' to the types field in your tsconfig.
src/utils/__tests__/formatters.test.ts(67,13): error TS2304: Cannot find name 'expect'.
src/utils/__tests__/formatters.test.ts(70,9): error TS2593: Cannot find name 'it'. Do you need to install type definitions for a test runner? Try `npm i --save-dev @types/jest` or `npm i --save-dev @types/mocha` and then add 'jest' or 'mocha' to the types field in your tsconfig.
src/utils/__tests__/formatters.test.ts(71,13): error TS2304: Cannot find name 'expect'.
src/utils/__tests__/formatters.test.ts(75,5): error TS2593: Cannot find name 'describe'. Do you need to install type definitions for a test runner? Try `npm i --save-dev @types/jest` or `npm i --save-dev @types/mocha` and then add 'jest' or 'mocha' to the types field in your tsconfig.
src/utils/__tests__/formatters.test.ts(76,9): error TS2593: Cannot find name 'it'. Do you need to install type definitions for a test runner? Try `npm i --save-dev @types/jest` or `npm i --save-dev @types/mocha` and then add 'jest' or 'mocha' to the types field in your tsconfig.
src/utils/__tests__/formatters.test.ts(78,13): error TS2304: Cannot find name 'expect'.
src/utils/__tests__/formatters.test.ts(81,9): error TS2593: Cannot find name 'it'. Do you need to install type definitions for a test runner? Try `npm i --save-dev @types/jest` or `npm i --save-dev @types/mocha` and then add 'jest' or 'mocha' to the types field in your tsconfig.
src/utils/__tests__/formatters.test.ts(84,13): error TS2304: Cannot find name 'expect'.
src/utils/__tests__/random.test.ts(5,1): error TS2593: Cannot find name 'describe'. Do you need to install type definitions for a test runner? Try `npm i --save-dev @types/jest` or `npm i --save-dev @types/mocha` and then add 'jest' or 'mocha' to the types field in your tsconfig.
src/utils/__tests__/random.test.ts(6,5): error TS2593: Cannot find name 'describe'. Do you need to install type definitions for a test runner? Try `npm i --save-dev @types/jest` or `npm i --save-dev @types/mocha` and then add 'jest' or 'mocha' to the types field in your tsconfig.
src/utils/__tests__/random.test.ts(7,9): error TS2593: Cannot find name 'it'. Do you need to install type definitions for a test runner? Try `npm i --save-dev @types/jest` or `npm i --save-dev @types/mocha` and then add 'jest' or 'mocha' to the types field in your tsconfig.
src/utils/__tests__/random.test.ts(10,17): error TS2304: Cannot find name 'expect'.
src/utils/__tests__/random.test.ts(11,17): error TS2304: Cannot find name 'expect'.
src/utils/__tests__/random.test.ts(15,9): error TS2593: Cannot find name 'it'. Do you need to install type definitions for a test runner? Try `npm i --save-dev @types/jest` or `npm i --save-dev @types/mocha` and then add 'jest' or 'mocha' to the types field in your tsconfig.
src/utils/__tests__/random.test.ts(17,13): error TS2304: Cannot find name 'expect'.
src/utils/__tests__/random.test.ts(21,5): error TS2593: Cannot find name 'describe'. Do you need to install type definitions for a test runner? Try `npm i --save-dev @types/jest` or `npm i --save-dev @types/mocha` and then add 'jest' or 'mocha' to the types field in your tsconfig.
src/utils/__tests__/random.test.ts(22,9): error TS2593: Cannot find name 'it'. Do you need to install type definitions for a test runner? Try `npm i --save-dev @types/jest` or `npm i --save-dev @types/mocha` and then add 'jest' or 'mocha' to the types field in your tsconfig.
src/utils/__tests__/random.test.ts(25,13): error TS2304: Cannot find name 'expect'.
src/utils/__tests__/random.test.ts(28,9): error TS2593: Cannot find name 'it'. Do you need to install type definitions for a test runner? Try `npm i --save-dev @types/jest` or `npm i --save-dev @types/mocha` and then add 'jest' or 'mocha' to the types field in your tsconfig.
src/utils/__tests__/random.test.ts(32,17): error TS2304: Cannot find name 'expect'.
src/utils/__tests__/random.test.ts(36,9): error TS2593: Cannot find name 'it'. Do you need to install type definitions for a test runner? Try `npm i --save-dev @types/jest` or `npm i --save-dev @types/mocha` and then add 'jest' or 'mocha' to the types field in your tsconfig.
src/utils/__tests__/random.test.ts(40,13): error TS2304: Cannot find name 'expect'.
src/utils/__tests__/random.test.ts(44,5): error TS2593: Cannot find name 'describe'. Do you need to install type definitions for a test runner? Try `npm i --save-dev @types/jest` or `npm i --save-dev @types/mocha` and then add 'jest' or 'mocha' to the types field in your tsconfig.
src/utils/__tests__/random.test.ts(45,9): error TS2593: Cannot find name 'it'. Do you need to install type definitions for a test runner? Try `npm i --save-dev @types/jest` or `npm i --save-dev @types/mocha` and then add 'jest' or 'mocha' to the types field in your tsconfig.
src/utils/__tests__/random.test.ts(48,13): error TS2304: Cannot find name 'expect'.
src/utils/__tests__/random.test.ts(52,5): error TS2593: Cannot find name 'describe'. Do you need to install type definitions for a test runner? Try `npm i --save-dev @types/jest` or `npm i --save-dev @types/mocha` and then add 'jest' or 'mocha' to the types field in your tsconfig.
src/utils/__tests__/random.test.ts(53,9): error TS2593: Cannot find name 'it'. Do you need to install type definitions for a test runner? Try `npm i --save-dev @types/jest` or `npm i --save-dev @types/mocha` and then add 'jest' or 'mocha' to the types field in your tsconfig.
src/utils/__tests__/random.test.ts(57,13): error TS2304: Cannot find name 'expect'.
src/utils/__tests__/random.test.ts(60,9): error TS2593: Cannot find name 'it'. Do you need to install type definitions for a test runner? Try `npm i --save-dev @types/jest` or `npm i --save-dev @types/mocha` and then add 'jest' or 'mocha' to the types field in your tsconfig.
src/utils/__tests__/random.test.ts(71,13): error TS2304: Cannot find name 'expect'.
src/utils/__tests__/validators.test.ts(5,1): error TS2593: Cannot find name 'describe'. Do you need to install type definitions for a test runner? Try `npm i --save-dev @types/jest` or `npm i --save-dev @types/mocha` and then add 'jest' or 'mocha' to the types field in your tsconfig.
src/utils/__tests__/validators.test.ts(6,5): error TS2593: Cannot find name 'describe'. Do you need to install type definitions for a test runner? Try `npm i --save-dev @types/jest` or `npm i --save-dev @types/mocha` and then add 'jest' or 'mocha' to the types field in your tsconfig.
src/utils/__tests__/validators.test.ts(7,9): error TS2593: Cannot find name 'it'. Do you need to install type definitions for a test runner? Try `npm i --save-dev @types/jest` or `npm i --save-dev @types/mocha` and then add 'jest' or 'mocha' to the types field in your tsconfig.
src/utils/__tests__/validators.test.ts(9,13): error TS2304: Cannot find name 'expect'.
src/utils/__tests__/validators.test.ts(10,13): error TS2304: Cannot find name 'expect'.
src/utils/__tests__/validators.test.ts(13,9): error TS2593: Cannot find name 'it'. Do you need to install type definitions for a test runner? Try `npm i --save-dev @types/jest` or `npm i --save-dev @types/mocha` and then add 'jest' or 'mocha' to the types field in your tsconfig.
src/utils/__tests__/validators.test.ts(15,13): error TS2304: Cannot find name 'expect'.
src/utils/__tests__/validators.test.ts(16,13): error TS2304: Cannot find name 'expect'.
src/utils/__tests__/validators.test.ts(19,9): error TS2593: Cannot find name 'it'. Do you need to install type definitions for a test runner? Try `npm i --save-dev @types/jest` or `npm i --save-dev @types/mocha` and then add 'jest' or 'mocha' to the types field in your tsconfig.
src/utils/__tests__/validators.test.ts(21,13): error TS2304: Cannot find name 'expect'.
src/utils/__tests__/validators.test.ts(22,13): error TS2304: Cannot find name 'expect'.
src/utils/__tests__/validators.test.ts(25,9): error TS2593: Cannot find name 'it'. Do you need to install type definitions for a test runner? Try `npm i --save-dev @types/jest` or `npm i --save-dev @types/mocha` and then add 'jest' or 'mocha' to the types field in your tsconfig.
src/utils/__tests__/validators.test.ts(27,13): error TS2304: Cannot find name 'expect'.
src/utils/__tests__/validators.test.ts(28,13): error TS2304: Cannot find name 'expect'.
src/utils/__tests__/validators.test.ts(31,9): error TS2593: Cannot find name 'it'. Do you need to install type definitions for a test runner? Try `npm i --save-dev @types/jest` or `npm i --save-dev @types/mocha` and then add 'jest' or 'mocha' to the types field in your tsconfig.
src/utils/__tests__/validators.test.ts(33,13): error TS2304: Cannot find name 'expect'.
src/utils/__tests__/validators.test.ts(34,13): error TS2304: Cannot find name 'expect'.
src/utils/__tests__/validators.test.ts(37,9): error TS2593: Cannot find name 'it'. Do you need to install type definitions for a test runner? Try `npm i --save-dev @types/jest` or `npm i --save-dev @types/mocha` and then add 'jest' or 'mocha' to the types field in your tsconfig.
src/utils/__tests__/validators.test.ts(39,13): error TS2304: Cannot find name 'expect'.
src/utils/__tests__/validators.test.ts(40,13): error TS2304: Cannot find name 'expect'.
src/utils/__tests__/validators.test.ts(44,5): error TS2593: Cannot find name 'describe'. Do you need to install type definitions for a test runner? Try `npm i --save-dev @types/jest` or `npm i --save-dev @types/mocha` and then add 'jest' or 'mocha' to the types field in your tsconfig.
src/utils/__tests__/validators.test.ts(45,9): error TS2593: Cannot find name 'it'. Do you need to install type definitions for a test runner? Try `npm i --save-dev @types/jest` or `npm i --save-dev @types/mocha` and then add 'jest' or 'mocha' to the types field in your tsconfig.
src/utils/__tests__/validators.test.ts(46,13): error TS2304: Cannot find name 'expect'.
src/utils/__tests__/validators.test.ts(47,13): error TS2304: Cannot find name 'expect'.
src/utils/__tests__/validators.test.ts(48,13): error TS2304: Cannot find name 'expect'.
src/utils/__tests__/validators.test.ts(51,9): error TS2593: Cannot find name 'it'. Do you need to install type definitions for a test runner? Try `npm i --save-dev @types/jest` or `npm i --save-dev @types/mocha` and then add 'jest' or 'mocha' to the types field in your tsconfig.
src/utils/__tests__/validators.test.ts(53,13): error TS2304: Cannot find name 'expect'.
src/utils/__tests__/validators.test.ts(56,9): error TS2593: Cannot find name 'it'. Do you need to install type definitions for a test runner? Try `npm i --save-dev @types/jest` or `npm i --save-dev @types/mocha` and then add 'jest' or 'mocha' to the types field in your tsconfig.
src/utils/__tests__/validators.test.ts(58,13): error TS2304: Cannot find name 'expect'.
src/utils/__tests__/validators.test.ts(61,9): error TS2593: Cannot find name 'it'. Do you need to install type definitions for a test runner? Try `npm i --save-dev @types/jest` or `npm i --save-dev @types/mocha` and then add 'jest' or 'mocha' to the types field in your tsconfig.
src/utils/__tests__/validators.test.ts(63,13): error TS2304: Cannot find name 'expect'.
src/utils/__tests__/validators.test.ts(66,9): error TS2593: Cannot find name 'it'. Do you need to install type definitions for a test runner? Try `npm i --save-dev @types/jest` or `npm i --save-dev @types/mocha` and then add 'jest' or 'mocha' to the types field in your tsconfig.
src/utils/__tests__/validators.test.ts(68,13): error TS2304: Cannot find name 'expect'.
src/utils/__tests__/validators.test.ts(72,5): error TS2593: Cannot find name 'describe'. Do you need to install type definitions for a test runner? Try `npm i --save-dev @types/jest` or `npm i --save-dev @types/mocha` and then add 'jest' or 'mocha' to the types field in your tsconfig.
src/utils/__tests__/validators.test.ts(73,9): error TS2593: Cannot find name 'it'. Do you need to install type definitions for a test runner? Try `npm i --save-dev @types/jest` or `npm i --save-dev @types/mocha` and then add 'jest' or 'mocha' to the types field in your tsconfig.
src/utils/__tests__/validators.test.ts(75,13): error TS2304: Cannot find name 'expect'.
src/utils/__tests__/validators.test.ts(76,13): error TS2304: Cannot find name 'expect'.
src/utils/__tests__/validators.test.ts(79,9): error TS2593: Cannot find name 'it'. Do you need to install type definitions for a test runner? Try `npm i --save-dev @types/jest` or `npm i --save-dev @types/mocha` and then add 'jest' or 'mocha' to the types field in your tsconfig.
src/utils/__tests__/validators.test.ts(81,13): error TS2304: Cannot find name 'expect'.
src/utils/__tests__/validators.test.ts(84,9): error TS2593: Cannot find name 'it'. Do you need to install type definitions for a test runner? Try `npm i --save-dev @types/jest` or `npm i --save-dev @types/mocha` and then add 'jest' or 'mocha' to the types field in your tsconfig.
src/utils/__tests__/validators.test.ts(86,13): error TS2304: Cannot find name 'expect'.
src/utils/__tests__/validators.test.ts(89,9): error TS2593: Cannot find name 'it'. Do you need to install type definitions for a test runner? Try `npm i --save-dev @types/jest` or `npm i --save-dev @types/mocha` and then add 'jest' or 'mocha' to the types field in your tsconfig.
src/utils/__tests__/validators.test.ts(91,13): error TS2304: Cannot find name 'expect'.
